projects/amazon-trend-analyzer/qb_chunks/page_158_skip158000.csv
ASIN Buyability Flag,asin_status,CVR%,revenue,asp,units,gv,Images #,Videos #,Has A+ Content,Buybox Winner,Average Rating,Number of Ratings,bb_price,Ad CTR%,Ad CVR%,bsr,brand,Ad CPC$,ASIN (Description),Update Type,Sold By Amazon,Has Coupon?,Has Store Link?,In Stock Today?,category,Sellable On Hand Units,asin,date,Ad Cost,Ad Sales,Ad Clicks,Ad Impressions,Ad Conversions
In Stock,ACTIVE,-0.333,-26.0,26.11,-1.0,3.0,5.0,0.0,True,,4.4,5643.0,28.85,,,158.0,Clorox,,B08NYTTWYX (Clorox Scentiva ГѓвЂљГ‚вЂ“ Dish Soap ГѓвЂљГ‚вЂ“ 26oz ГѓвЂљГ‚вЂ“ 6pck ГѓвЂљГ‚вЂ“ Pacific Breeze & Coconut),[],True,False,False,True,Cleaning,199.0,B08NYTTWYX,2025-12-18,,,,,
In Stock,ACTIVE,,0.0,,0.0,,5.0,0.0,True,,4.4,5643.0,28.85,,,147.0,Clorox,,B08NYTTWYX (Clorox Scentiva ГѓвЂљГ‚вЂ“ Dish Soap ГѓвЂљГ‚вЂ“ 26oz ГѓвЂљГ‚вЂ“ 6pck ГѓвЂљГ‚вЂ“ Pacific Breeze & Coconut),[],True,False,False,True,Cleaning,199.0,B08NYTTWYX,2025-12-17,,,,,
In Stock,ACTIVE,0.0,0.0,,0.0,2.0,5.0,0.0,True,,4.4,5643.0,29.21,,,155.0,Clorox,,B08NYTTWYX (Clorox Scentiva ГѓвЂљГ‚вЂ“ Dish Soap ГѓвЂљГ‚вЂ“ 26oz ГѓвЂљГ‚вЂ“ 6pck ГѓвЂљГ‚вЂ“ Pacific Breeze & Coconut),[],True,False,False,True,Cleaning,199.0,B08NYTTWYX,2025-12-16,,,,,
In Stock,ACTIVE,0.125,29.0,29.21,1.0,8.0,5.0,0.0,True,,4.4,5642.0,29.22,,,144.0,Clorox,,B08NYTTWYX (Clorox Scentiva ГѓвЂљГ‚вЂ“ Dish Soap ГѓвЂљГ‚вЂ“ 26oz ГѓвЂљГ‚вЂ“ 6pck ГѓвЂљГ‚вЂ“ Pacific Breeze & Coconut),[],True,False,False,True,Cleaning,198.0,B08NYTTWYX,2025-12-15,,,,,
In Stock,ACTIVE,0.167,29.0,29.22,1.0,6.0,5.0,0.0,True,,4.4,5643.0,29.83,,,145.0,Clorox,,B08NYTTWYX (Clorox Scentiva ГѓвЂљГ‚вЂ“ Dish Soap ГѓвЂљГ‚вЂ“ 26oz ГѓвЂљГ‚вЂ“ 6pck ГѓвЂљГ‚вЂ“ Pacific Breeze & Coconut),[],True,False,False,True,Cleaning,198.0,B08NYTTWYX,2025-12-14,,,,,
In Stock,ACTIVE,,-26.0,26.11,-1.0,,5.0,0.0,True,,4.4,5644.0,30.05,,,151.0,Clorox,,B08NYTTWYX (Clorox Scentiva ГѓвЂљГ‚вЂ“ Dish Soap ГѓвЂљГ‚вЂ“ 26oz ГѓвЂљГ‚вЂ“ 6pck ГѓвЂљГ‚вЂ“ Pacific Breeze & Coconut),[],True,False,False,True,Cleaning,200.0,B08NYTTWYX,2025-12-13,,,,,
In Stock,ACTIVE,0.0,0.0,,0.0,2.0,5.0,0.0,True,,4.4,5645.0,26.11,,,147.0,Clorox,,B08NYTTWYX (Clorox Scentiva ГѓвЂљГ‚вЂ“ Dish Soap ГѓвЂљГ‚вЂ“ 26oz ГѓвЂљГ‚вЂ“ 6pck ГѓвЂљГ‚вЂ“ Pacific Breeze & Coconut),[],True,False,False,True,Cleaning,201.0,B08NYTTWYX,2025-12-12,,,,,
In Stock,ACTIVE,0.2,26.0,26.11,1.0,5.0,5.0,0.0,True,,4.4,5646.0,26.11,,,144.0,Clorox,,B08NYTTWYX (Clorox Scentiva ГѓвЂљГ‚вЂ“ Dish Soap ГѓвЂљГ‚вЂ“ 26oz ГѓвЂљГ‚вЂ“ 6pck ГѓвЂљГ‚вЂ“ Pacific Breeze & Coconut),[],True,False,False,True,Cleaning,202.0,B08NYTTWYX,2025-12-11,,,,,
In Stock,ACTIVE,0.6,78.0,26.11,3.0,5.0,5.0,0.0,True,,4.4,5646.0,26.11,,,141.0,Clorox,,B08NYTTWYX (Clorox Scentiva ГѓвЂљГ‚вЂ“ Dish Soap ГѓвЂљГ‚вЂ“ 26oz ГѓвЂљГ‚вЂ“ 6pck ГѓвЂљГ‚вЂ“ Pacific Breeze & Coconut),[],True,False,False,True,Cleaning,204.0,B08NYTTWYX,2025-12-10,,,,,
In Stock,ACTIVE,0.0,0.0,,0.0,3.0,5.0,0.0,True,,4.4,5646.0,26.11,,,143.0,Clorox,,B08NYTTWYX (Clorox Scentiva ГѓвЂљГ‚вЂ“ Dish Soap ГѓвЂљГ‚вЂ“ 26oz ГѓвЂљГ‚вЂ“ 6pck ГѓвЂљГ‚вЂ“ Pacific Breeze & Coconut),[],True,False,False,True,Cleaning,204.0,B08NYTTWYX,2025-12-09,,,,,
In Stock,ACTIVE,2.0,52.0,26.11,2.0,1.0,5.0,0.0,True,,4.4,5646.0,26.11,,,139.0,Clorox,,B08NYTTWYX (Clorox Scentiva ГѓвЂљГ‚вЂ“ Dish Soap ГѓвЂљГ‚вЂ“ 26oz ГѓвЂљГ‚вЂ“ 6pck ГѓвЂљГ‚вЂ“ Pacific Breeze & Coconut),[],True,False,False,True,Cleaning,204.0,B08NYTTWYX,2025-12-08,,,,,
In Stock,ACTIVE,0.5,52.0,26.11,2.0,4.0,5.0,0.0,True,,4.4,5646.0,26.11,,,139.0,Clorox,,B08NYTTWYX (Clorox Scentiva ГѓвЂљГ‚вЂ“ Dish Soap ГѓвЂљГ‚вЂ“ 26oz ГѓвЂљГ‚вЂ“ 6pck ГѓвЂљГ‚вЂ“ Pacific Breeze & Coconut),[],True,False,False,True,Cleaning,206.0,B08NYTTWYX,2025-12-07,,,,,
In Stock,ACTIVE,0.0,0.0,,0.0,1.0,5.0,0.0,True,,4.4,5646.0,26.11,,,141.0,Clorox,,B08NYTTWYX (Clorox Scentiva ГѓвЂљГ‚вЂ“ Dish Soap ГѓвЂљГ‚вЂ“ 26oz ГѓвЂљГ‚вЂ“ 6pck ГѓвЂљГ‚вЂ“ Pacific Breeze & Coconut),[],True,False,False,True,Cleaning,207.0,B08NYTTWYX,2025-12-06,,,,,
In Stock,ACTIVE,0.125,24.0,24.4,1.0,8.0,5.0,0.0,True,,4.4,5648.0,27.11,,,134.0,Clorox,,B08NYTTWYX (Clorox Scentiva ГѓвЂљГ‚вЂ“ Dish Soap ГѓвЂљГ‚вЂ“ 26oz ГѓвЂљГ‚вЂ“ 6pck ГѓвЂљГ‚вЂ“ Pacific Breeze & Coconut),[],True,False,False,True,Cleaning,210.0,B08NYTTWYX,2025-12-05,,,,,
In Stock,ACTIVE,0.667,54.0,27.11,2.0,3.0,5.0,0.0,True,,4.4,5648.0,27.11,,,137.0,Clorox,,B08NYTTWYX (Clorox Scentiva ГѓвЂљГ‚вЂ“ Dish Soap ГѓвЂљГ‚вЂ“ 26oz ГѓвЂљГ‚вЂ“ 6pck ГѓвЂљГ‚вЂ“ Pacific Breeze & Coconut),[],True,False,False,True,Cleaning,211.0,B08NYTTWYX,2025-12-04,,,,,
In Stock,ACTIVE,0.2,27.0,27.11,1.0,5.0,5.0,0.0,True,,4.4,5648.0,27.11,,,138.0,Clorox,,B08NYTTWYX (Clorox Scentiva ГѓвЂљГ‚вЂ“ Dish Soap ГѓвЂљГ‚вЂ“ 26oz ГѓвЂљГ‚вЂ“ 6pck ГѓвЂљГ‚вЂ“ Pacific Breeze & Coconut),[],True,False,False,True,Cleaning,212.0,B08NYTTWYX,2025-12-03,,,,,
In Stock,ACTIVE,0.286,61.0,30.26,2.0,7.0,5.0,0.0,True,,4.4,5648.0,30.25,,,139.0,Clorox,,B08NYTTWYX (Clorox Scentiva ГѓвЂљГ‚вЂ“ Dish Soap ГѓвЂљГ‚вЂ“ 26oz ГѓвЂљГ‚вЂ“ 6pck ГѓвЂљГ‚вЂ“ Pacific Breeze & Coconut),[],True,False,False,True,Cleaning,214.0,B08NYTTWYX,2025-12-02,,,,,
In Stock,ACTIVE,0.667,61.0,30.25,2.0,3.0,5.0,0.0,True,,4.4,5648.0,30.25,,,135.0,Clorox,,B08NYTTWYX (Clorox Scentiva ГѓвЂљГ‚вЂ“ Dish Soap ГѓвЂљГ‚вЂ“ 26oz ГѓвЂљГ‚вЂ“ 6pck ГѓвЂљГ‚вЂ“ Pacific Breeze & Coconut),[],True,False,False,True,Cleaning,215.0,B08NYTTWYX,2025-12-01,,,,,
In Stock,ACTIVE,0.0,0.0,,0.0,3.0,5.0,0.0,True,,4.4,5648.0,30.25,,,135.0,Clorox,,B08NYTTWYX (Clorox Scentiva ГѓвЂљГ‚вЂ“ Dish Soap ГѓвЂљГ‚вЂ“ 26oz ГѓвЂљГ‚вЂ“ 6pck ГѓвЂљГ‚вЂ“ Pacific Breeze & Coconut),[],True,False,False,True,Cleaning,216.0,B08NYTTWYX,2025-11-30,,,,,
In Stock,ACTIVE,0.0,0.0,,0.0,4.0,5.0,0.0,True,,4.4,5648.0,30.28,,,131.0,Clorox,,B08NYTTWYX (Clorox Scentiva ГѓвЂљГ‚вЂ“ Dish Soap ГѓвЂљГ‚вЂ“ 26oz ГѓвЂљГ‚вЂ“ 6pck ГѓвЂљГ‚вЂ“ Pacific Breeze & Coconut),[],True,False,False,True,Cleaning,218.0,B08NYTTWYX,2025-11-29,,,,,
In Stock,ACTIVE,0.333,30.0,30.28,1.0,3.0,5.0,0.0,True,,4.4,5647.0,30.28,,,131.0,Clorox,,B08NYTTWYX (Clorox Scentiva ГѓвЂљГ‚вЂ“ Dish Soap ГѓвЂљГ‚вЂ“ 26oz ГѓвЂљГ‚вЂ“ 6pck ГѓвЂљГ‚вЂ“ Pacific Breeze & Coconut),[],True,False,False,True,Cleaning,218.0,B08NYTTWYX,2025-11-28,,,,,
In Stock,ACTIVE,0.2,30.0,30.28,1.0,5.0,5.0,0.0,True,,4.4,5647.0,31.27,,,136.0,Clorox,,B08NYTTWYX (Clorox Scentiva ГѓвЂљГ‚вЂ“ Dish Soap ГѓвЂљГ‚вЂ“ 26oz ГѓвЂљГ‚вЂ“ 6pck ГѓвЂљГ‚вЂ“ Pacific Breeze & Coconut),[],True,False,False,True,Cleaning,219.0,B08NYTTWYX,2025-11-27,,,,,
In Stock,ACTIVE,0.25,61.0,30.49,2.0,8.0,5.0,0.0,True,,4.4,5647.0,30.49,,,140.0,Clorox,,B08NYTTWYX (Clorox Scentiva ГѓвЂљГ‚вЂ“ Dish Soap ГѓвЂљГ‚вЂ“ 26oz ГѓвЂљГ‚вЂ“ 6pck ГѓвЂљГ‚вЂ“ Pacific Breeze & Coconut),[],True,False,False,True,Cleaning,219.0,B08NYTTWYX,2025-11-26,,,,,
In Stock,ACTIVE,0.125,30.0,30.46,1.0,8.0,5.0,0.0,True,,4.4,5647.0,30.46,,,151.0,Clorox,,B08NYTTWYX (Clorox Scentiva ГѓвЂљГ‚вЂ“ Dish Soap ГѓвЂљГ‚вЂ“ 26oz ГѓвЂљГ‚вЂ“ 6pck ГѓвЂљГ‚вЂ“ Pacific Breeze & Coconut),[],True,False,False,True,Cleaning,219.0,B08NYTTWYX,2025-11-25,,,,,
In Stock,ACTIVE,1.0,57.0,28.54,2.0,2.0,5.0,0.0,True,,4.4,5644.0,28.54,,,140.0,Clorox,,B08NYTTWYX (Clorox Scentiva ГѓвЂљГ‚вЂ“ Dish Soap ГѓвЂљГ‚вЂ“ 26oz ГѓвЂљГ‚вЂ“ 6pck ГѓвЂљГ‚вЂ“ Pacific Breeze & Coconut),[],True,False,False,True,Cleaning,224.0,B08NYTTWYX,2025-11-14,,,,,
In Stock,ACTIVE,0.5,57.0,28.54,2.0,4.0,5.0,0.0,True,,4.4,5644.0,28.54,,,146.0,Clorox,,B08NYTTWYX (Clorox Scentiva ГѓвЂљГ‚вЂ“ Dish Soap ГѓвЂљГ‚вЂ“ 26oz ГѓвЂљГ‚вЂ“ 6pck ГѓвЂљГ‚вЂ“ Pacific Breeze & Coconut),[],True,False,False,True,Cleaning,224.0,B08NYTTWYX,2025-11-13,,,,,
In Stock,ACTIVE,0.0,0.0,,0.0,4.0,5.0,0.0,True,,4.4,5644.0,28.54,,,146.0,Clorox,,B08NYTTWYX (Clorox Scentiva ГѓвЂљГ‚вЂ“ Dish Soap ГѓвЂљГ‚вЂ“ 26oz ГѓвЂљГ‚вЂ“ 6pck ГѓвЂљГ‚вЂ“ Pacific Breeze & Coconut),[],True,False,False,True,Cleaning,226.0,B08NYTTWYX,2025-11-12,,,,,
In Stock,ACTIVE,0.333,64.0,31.8,2.0,6.0,5.0,0.0,True,,4.4,5644.0,31.8,,,146.0,Clorox,,B08NYTTWYX (Clorox Scentiva ГѓвЂљГ‚вЂ“ Dish Soap ГѓвЂљГ‚вЂ“ 26oz ГѓвЂљГ‚вЂ“ 6pck ГѓвЂљГ‚вЂ“ Pacific Breeze & Coconut),[],True,False,False,True,Cleaning,228.0,B08NYTTWYX,2025-11-11,,,,,
In Stock,ACTIVE,-0.5,-32.0,31.92,-1.0,2.0,5.0,0.0,True,,4.4,5644.0,31.85,,,146.0,Clorox,,B08NYTTWYX (Clorox Scentiva ГѓвЂљГ‚вЂ“ Dish Soap ГѓвЂљГ‚вЂ“ 26oz ГѓвЂљГ‚вЂ“ 6pck ГѓвЂљГ‚вЂ“ Pacific Breeze & Coconut),[],True,False,False,True,Cleaning,228.0,B08NYTTWYX,2025-11-10,,,,,
In Stock,ACTIVE,0.333,32.0,31.85,1.0,3.0,5.0,0.0,True,,4.4,5644.0,31.85,,,146.0,Clorox,,B08NYTTWYX (Clorox Scentiva ГѓвЂљГ‚вЂ“ Dish Soap ГѓвЂљГ‚вЂ“ 26oz ГѓвЂљГ‚вЂ“ 6pck ГѓвЂљГ‚вЂ“ Pacific Breeze & Coconut),[],True,False,False,True,Cleaning,229.0,B08NYTTWYX,2025-11-09,,,,,
In Stock,ACTIVE,0.0,0.0,,0.0,3.0,5.0,0.0,True,,4.4,5644.0,31.92,,,146.0,Clorox,,B08NYTTWYX (Clorox Scentiva ГѓвЂљГ‚вЂ“ Dish Soap ГѓвЂљГ‚вЂ“ 26oz ГѓвЂљГ‚вЂ“ 6pck ГѓвЂљГ‚вЂ“ Pacific Breeze & Coconut),[],True,False,False,True,Cleaning,229.0,B08NYTTWYX,2025-11-08,,,,,
In Stock,ACTIVE,2.0,64.0,31.92,2.0,1.0,5.0,0.0,True,,4.4,5645.0,31.88,,,146.0,Clorox,,B08NYTTWYX (Clorox Scentiva ГѓвЂљГ‚вЂ“ Dish Soap ГѓвЂљГ‚вЂ“ 26oz ГѓвЂљГ‚вЂ“ 6pck ГѓвЂљГ‚вЂ“ Pacific Breeze & Coconut),[],True,False,False,True,Cleaning,230.0,B08NYTTWYX,2025-11-07,,,,,
In Stock,ACTIVE,1.0,59.0,29.61,2.0,2.0,5.0,0.0,True,,4.4,5646.0,29.34,,,144.0,Clorox,,B08NYTTWYX (Clorox Scentiva ГѓвЂљГ‚вЂ“ Dish Soap ГѓвЂљГ‚вЂ“ 26oz ГѓвЂљГ‚вЂ“ 6pck ГѓвЂљГ‚вЂ“ Pacific Breeze & Coconut),[],True,False,False,True,Cleaning,231.0,B08NYTTWYX,2025-11-06,,,,,
In Stock,ACTIVE,0.0,0.0,,0.0,4.0,5.0,0.0,True,,4.4,5646.0,36.56,,,144.0,Clorox,,B08NYTTWYX (Clorox Scentiva ГѓвЂљГ‚вЂ“ Dish Soap ГѓвЂљГ‚вЂ“ 26oz ГѓвЂљГ‚вЂ“ 6pck ГѓвЂљГ‚вЂ“ Pacific Breeze & Coconut),[],True,False,False,True,Cleaning,231.0,B08NYTTWYX,2025-11-05,,,,,
In Stock,ACTIVE,0.2,37.0,36.56,1.0,5.0,5.0,0.0,True,,4.4,5646.0,36.56,,,139.0,Clorox,,B08NYTTWYX (Clorox Scentiva ГѓвЂљГ‚вЂ“ Dish Soap ГѓвЂљГ‚вЂ“ 26oz ГѓвЂљГ‚вЂ“ 6pck ГѓвЂљГ‚вЂ“ Pacific Breeze & Coconut),[],True,False,False,True,Cleaning,231.0,B08NYTTWYX,2025-11-04,,,,,
In Stock,ACTIVE,0.0,0.0,,0.0,2.0,5.0,0.0,True,,4.4,5645.0,36.56,,,135.0,Clorox,,B08NYTTWYX (Clorox Scentiva ГѓвЂљГ‚вЂ“ Dish Soap ГѓвЂљГ‚вЂ“ 26oz ГѓвЂљГ‚вЂ“ 6pck ГѓвЂљГ‚вЂ“ Pacific Breeze & Coconut),[],True,False,False,True,Cleaning,233.0,B08NYTTWYX,2025-11-03,,,,,
In Stock,ACTIVE,0.0,0.0,,0.0,3.0,5.0,0.0,True,,4.4,5644.0,36.56,,,140.0,Clorox,,B08NYTTWYX (Clorox Scentiva ГѓвЂљГ‚вЂ“ Dish Soap ГѓвЂљГ‚вЂ“ 26oz ГѓвЂљГ‚вЂ“ 6pck ГѓвЂљГ‚вЂ“ Pacific Breeze & Coconut),[],True,False,False,True,Cleaning,235.0,B08NYTTWYX,2025-11-02,,,,,
In Stock,ACTIVE,0.0,0.0,,0.0,5.0,5.0,0.0,True,,4.4,5643.0,36.56,,,143.0,Clorox,,B08NYTTWYX (Clorox Scentiva ГѓвЂљГ‚вЂ“ Dish Soap ГѓвЂљГ‚вЂ“ 26oz ГѓвЂљГ‚вЂ“ 6pck ГѓвЂљГ‚вЂ“ Pacific Breeze & Coconut),[],True,False,False,True,Cleaning,235.0,B08NYTTWYX,2025-11-01,,,,,
In Stock,ACTIVE,0.2,37.0,36.56,1.0,5.0,5.0,0.0,True,,4.4,5644.0,28.24,,,142.0,Clorox,,B08NYTTWYX (Clorox Scentiva ГѓвЂљГ‚вЂ“ Dish Soap ГѓвЂљГ‚вЂ“ 26oz ГѓвЂљГ‚вЂ“ 6pck ГѓвЂљГ‚вЂ“ Pacific Breeze & Coconut),[],True,False,False,True,Cleaning,235.0,B08NYTTWYX,2025-10-31,,,,,
